resource/ast:
ast.ngp
asturian.dict
asturian.info

resource/be:
be.ngp

resource/br:
breton.dict
breton.info
disambiguation.xml

resource/ca:
ca.ngp
catalan.dict
catalan.info
catalan_synth.dict
catalan_tags.txt
README

resource/cs:
czech.dict

resource/da:
danish.dict
danish.info
danish_tags.txt

resource/de:
added.txt
compounds.txt
german.dict
german.info
tagset.txt

resource/en:
compounds.txt
disambiguation.xml
english.dict
english.info
english_synth.dict
english_synth.info
english_tags.txt
tagset.txt

resource/eo:
disambiguation.xml
eo.ngp
etikedoj.txt
manual-tagger.txt

resource/es:
disambiguation.xml
etiquetas-eagles.txt
README
spanish.dict
spanish.info
spanish_synth.dict
spanish_synth.info
spanish_tags.txt

resource/fr:
disambiguation.xml
french.dict
french.info
multiwords.txt
README_lexique.txt
tagset.LT.txt

resource/gl:
disambiguation.xml
galician.dict
galician.info
galician_synth.dict
galician_synth.info
galician_tags.txt
gl.ngp
README

resource/it:
italian.dict
italian.info
readme-morph-it.txt

resource/km:
disambiguation.xml
khmer.dict
khmer.info
khmertags.txt
tagset.txt

resource/ml:
malayalam.dict
malayalam.info

resource/nl:
disambiguation.xml
dutch.dict
dutch.info
dutch_synth.dict
dutch_synth.info
dutch_tags.txt

resource/pl:
compounds.txt
disambiguation.xml
multiwords.txt
polish.dict
polish.info
polish_synth.dict
polish_synth.info
polish_tags.txt

resource/ro:
added.txt
compounds.txt
disambiguation.xml
romanian.dict
romanian.info
romanian_synth.dict
romanian_synth.info
romanian_tags.txt
ro.ngp

resource/ru:
compounds.txt
disambiguation.xml
multiwords.txt
russian.dict
russian.info
russian_synth.dict
russian_synth.info
russian_tags.txt
tags_russian.txt

resource/sk:
compounds.txt
README
sk.ngp
slovak.dict
slovak.info
slovak_synth.dict
slovak_synth.info
slovak_tags.txt

resource/sl:
sl.ngp

resource/sv:
compounds.txt
swedish.dict
swedish.info

resource/tl:
README.txt
tagalog.dict
tagalog.info
tagset.txt
tl.ngp

resource/uk:
uk.ngp
ukrainian.dict

resource/zh:
BigramDict.dct
coreDict.dct
lexical.ctx
nr.ctx
nr.dct
ns.ctx
ns.dct
tr.ctx
tr.dct

rules/ast:
grammar.xml

rules/be:
grammar.xml

rules/br:
grammar.xml

rules/ca:
accentuacio.txt
castellanismes.txt
grammar.xml

rules/cs:
grammar.xml

rules/da:
grammar.xml

rules/de:
coherency.txt
grammar.xml

rules/en:
det_an.txt
det_a.txt
grammar.xml

rules/eo:
grammar.xml
root-ant-at.txt
verb-ntr.txt
verb-tr.txt

rules/es:
el.txt
grammar.xml

rules/fr:
grammar.xml

rules/gl:
bitext.xml
grammar.xml
spanish.txt
words.txt

rules/is:
grammar.xml

rules/it:
grammar.xml

rules/km:
coherency.txt
grammar.xml
replace.txt

rules/lt:
grammar.xml

rules/ml:
grammar.xml

rules/nl:
grammar.xml

rules/pl:
bitext.xml
grammar.xml
replace.txt

rules/ro:
grammar.xml
replace.txt

rules/ru:
grammar.xml
replace.txt

rules/sk:
grammar.xml

rules/sl:
grammar.xml

rules/sv:
grammar.xml

rules/tl:
grammar.xml

rules/uk:
grammar.xml
replace.txt

rules/xx:
grammar.xml

rules/zh:
grammar.xml
